[www.danielduran.cz/portfolio/preview.html]
[www.danielduran.cz/portfolio/dist/css/yellow-black.css]
[www.danielduran.cz/portfolio/dist/css/preview.css]
[backblue.gif]
[fade.gif]
[index.html]
[www.danielduran.cz/portfolio/index.3.delayed]
[www.danielduran.cz/portfolio/assets/img/avatar.jpg]
[www.danielduran.cz/portfolio/assets/img/project_1.jpg]
[www.danielduran.cz/portfolio/assets/img/project_2.jpg]
[www.danielduran.cz/portfolio/assets/img/project_3.jpg]
[www.danielduran.cz/portfolio/assets/img/testimonial_1.jpg]
[www.danielduran.cz/portfolio/assets/img/testimonial_2.jpg]
[www.danielduran.cz/portfolio/preview.html]
[www.danielduran.cz/portfolio/dist/css/yellow-black.css]
[www.danielduran.cz/portfolio/dist/css/preview.css]
[www.danielduran.cz/portfolio/index.html]
[www.danielduran.cz/portfolio/assets/img/logo_b.svg]
[www.danielduran.cz/portfolio/assets/img/reference_1_b.svg]
[www.danielduran.cz/portfolio/assets/img/reference_2_b.svg]
[www.danielduran.cz/portfolio/assets/img/reference_3_b.svg]
[www.danielduran.cz/portfolio/assets/img/reference_4_b.svg]
[www.danielduran.cz/portfolio/assets/img/reference_5_b.svg]
[www.danielduran.cz/portfolio/assets/img/reference_6_b.svg]
[www.danielduran.cz/portfolio/assets/img/reference_7_b.svg]
[www.danielduran.cz/portfolio/assets/img/reference_8_b.svg]
[www.danielduran.cz/portfolio/dist/js/all.js]
